// Jest Snapshot v1, https://goo.gl/fbAQLP

exports[`Header renders the Header component correctly 1`] = `
<div>
  <header
    class="appHeader"
  >
    <img
      alt="EU flag"
      src="european-union.png"
      title="EU flag"
    />
    <h1
      class="appTitle"
    >
      EU COVID-19 Country Statistics
    </h1>
    <p
      class="lastUpdate"
    >
      Data collected on 23 May 2020
    </p>
  </header>
</div>
`;
